[debug] [2026-04-25T06:18:32.156Z] ----------------------------------------------------------------------
[debug] [2026-04-25T06:18:32.159Z] Command:       D:\node.exe C:\Users\MSI\AppData\Roaming\npm\node_modules\firebase-tools\lib\bin\firebase.js use --add
[debug] [2026-04-25T06:18:32.159Z] CLI Version:   15.15.0
[debug] [2026-04-25T06:18:32.159Z] Platform:      win32
[debug] [2026-04-25T06:18:32.159Z] Node Version:  v24.15.0
[debug] [2026-04-25T06:18:32.159Z] Time:          Sat Apr 25 2026 13:18:32 GMT+0700 (Indochina Time)
[debug] [2026-04-25T06:18:32.160Z] ----------------------------------------------------------------------
[debug] 
[debug] [2026-04-25T06:18:32.347Z] > command requires scopes: ["email","openid","https://www.googleapis.com/auth/cloudplatformprojects.readonly","https://www.googleapis.com/auth/firebase","https://www.googleapis.com/auth/cloud-platform"]
[debug] [2026-04-25T06:18:32.347Z] > authorizing via signed-in user (hoduy2921@gmail.com)
[debug] [2026-04-25T06:18:32.348Z] Checked if tokens are valid: true, expires at: 1777101489522
[debug] [2026-04-25T06:18:32.349Z] Checked if tokens are valid: true, expires at: 1777101489522
[debug] [2026-04-25T06:18:32.350Z] >>> [apiv2][query] GET https://firebase.googleapis.com/v1beta1/projects pageSize=1000
[debug] [2026-04-25T06:18:33.075Z] <<< [apiv2][status] GET https://firebase.googleapis.com/v1beta1/projects 200
[debug] [2026-04-25T06:18:33.075Z] <<< [apiv2][body] GET https://firebase.googleapis.com/v1beta1/projects [omitted]
[debug] [2026-04-25T06:18:33.249Z] ValidationError: [select prompt] No selectable choices. All choices are disabled.
    at C:\Users\MSI\AppData\Roaming\npm\node_modules\firebase-tools\node_modules\@inquirer\select\dist\commonjs\index.js:67:19
    at C:\Users\MSI\AppData\Roaming\npm\node_modules\firebase-tools\node_modules\@inquirer\core\dist\commonjs\lib\use-memo.js:11:27
    at withPointer (C:\Users\MSI\AppData\Roaming\npm\node_modules\firebase-tools\node_modules\@inquirer\core\dist\commonjs\lib\hook-engine.js:79:25)
    at useMemo (C:\Users\MSI\AppData\Roaming\npm\node_modules\firebase-tools\node_modules\@inquirer\core\dist\commonjs\lib\use-memo.js:6:45)
    at C:\Users\MSI\AppData\Roaming\npm\node_modules\firebase-tools\node_modules\@inquirer\select\dist\commonjs\index.js:63:39
    at C:\Users\MSI\AppData\Roaming\npm\node_modules\firebase-tools\node_modules\@inquirer\core\dist\commonjs\lib\create-prompt.js:120:38
    at store.handleChange (C:\Users\MSI\AppData\Roaming\npm\node_modules\firebase-tools\node_modules\@inquirer\core\dist\commonjs\lib\hook-engine.js:31:17)
    at cycle (C:\Users\MSI\AppData\Roaming\npm\node_modules\firebase-tools\node_modules\@inquirer\core\dist\commonjs\lib\hook-engine.js:33:19)
    at C:\Users\MSI\AppData\Roaming\npm\node_modules\firebase-tools\node_modules\@inquirer\core\dist\commonjs\lib\create-prompt.js:118:13
    at C:\Users\MSI\AppData\Roaming\npm\node_modules\firebase-tools\node_modules\@inquirer\core\dist\commonjs\lib\hook-engine.js:35:16
[error] 
[error] Error: An unexpected error has occurred.
